// Jest Snapshot v1, https://goo.gl/fbAQLP

exports[`code.md with options: undefined: code.md 1`] = `
\`\`\`javascript
const a = 123
const b = 'abc123'
const c = '我a我1'
\`\`\`


    const a = 123
    const b = 'abc123'
    const c = '我a我1'
~~~~~~~~~~~~~~~~~~~~~~~~~~~~~~~~~~~~~~~~~~~~~~~~~~~~~~~~~~~~~~~~~~~~~~~~~~~~~~~~
\`\`\`javascript
const a = 123
const b = 'abc123'
const c = '我a我1'
\`\`\`

    const a = 123
    const b = 'abc123'
    const c = '我a我1'

`;
