// Jest Snapshot v1, https://goo.gl/fbAQLP

exports[`html.md with options: {"type":{"html":false}}: html.md 1`] = `
<div>abc123</div>

<div>我a我1</div>

<img src="https://a.com/中文a" alt="中文a" />
~~~~~~~~~~~~~~~~~~~~~~~~~~~~~~~~~~~~~~~~~~~~~~~~~~~~~~~~~~~~~~~~~~~~~~~~~~~~~~~~
<div>abc123</div>

<div>我a我1</div>

<img src="https://a.com/中文a" alt="中文a" />

`;

exports[`html.md with options: undefined: html.md 1`] = `
<div>abc123</div>

<div>我a我1</div>

<img src="https://a.com/中文a" alt="中文a" />
~~~~~~~~~~~~~~~~~~~~~~~~~~~~~~~~~~~~~~~~~~~~~~~~~~~~~~~~~~~~~~~~~~~~~~~~~~~~~~~~
<div>abc123</div>

<div>我a我1</div>

<img src="https://a.com/中文a" alt="中文a" />

`;
